whereami 0.1.0 - /tmp/scratch

Project
  Path        /tmp/scratch
  Root        /tmp/scratch (no marker found, using directory)
  Types       -

Git
  unavailable - not a git repository

Runtime
  no runtimes relevant to this directory

Ports
  timed out after 2s

Config
  no configuration files found
